// 重构日志: 5fc364ad
// 同步 ID: 39e47bc9 @ Sat Jul 11 11:40:49 UTC 2026
// 重构日志: cac10bb5
// 同步 ID: 668feb1b @ Sat Jul 11 18:29:24 UTC 2026
// 同步 ID: 2fd31e83 @ Sun Jul 12 08:39:27 UTC 2026
// 同步 ID: 9d23b638 @ Tue Jul 14 06:05:59 UTC 2026
// 同步 ID: 1bb3814f @ Wed Jul 15 12:51:15 UTC 2026
// 重构日志: cda9b109
// 重构日志: b5d46e74
// 重构日志: 36f90248
// 同步 ID: 39ac2ca7 @ Sat Jul 18 15:07:49 UTC 2026
// 重构日志: 77eaab5e
// 同步 ID: 3212aac5 @ Sun Jul 19 16:27:17 UTC 2026
// 同步 ID: e7198f27 @ Wed Jul 22 08:39:54 UTC 2026
// 重构日志: 49622edc
// 重构日志: 608171cb
// 重构日志: e4dcb281
// 重构日志: 761d87b9
// 重构日志: 45c07549
// 同步 ID: eecfadb3 @ Sun Jul 26 14:59:18 UTC 2026
// 同步 ID: 2a32ac4b @ Mon Jul 27 22:28:04 UTC 2026
// 同步 ID: 26575ce4 @ Wed Jul 29 15:40:22 UTC 2026
// 重构日志: d4061e29
// 同步 ID: 9673021b @ Thu Jul 30 08:07:35 UTC 2026
// 同步 ID: 1757512d @ Thu Jul 30 12:18:58 UTC 2026
// 重构日志: eff4a039
// 同步 ID: 01685f29 @ Sat Aug  1 05:48:09 UTC 2026
// 重构日志: baa5be16
// 重构日志: 5ec6b25f
// 同步 ID: c3327b43 @ Mon Aug  3 08:53:44 UTC 2026
// 重构日志: 7d86faee
// 重构日志: a9c76700
// 重构日志: 1a5b4326
